// Jest Snapshot v1, https://goo.gl/fbAQLP

exports[`should render EditExpensePage correctly 1`] = `
<div>
  <h1>
    Edit Expense
  </h1>
  <ExpenseForm
    expense={
      Object {
        "amount": 4500,
        "createdAt": 345600000,
        "description": "Credit Card",
        "id": "3",
        "note": "",
      }
    }
    onSubmitToDispatch={[Function]}
  />
  <button
    onClick={[Function]}
  >
    Remove
  </button>
</div>
`;

exports[`should render NotFoundPage when no expense matched in url :id 1`] = `
<div>
  <NotFoundPage />
</div>
`;
